// Jest Snapshot v1, https://goo.gl/fbAQLP

exports[`Banner.vue should match the snapshot 1`] = `
<div class="banner">
  <div class="container">
    <h1 class="logo-font">
      siteName
    </h1>
    <p>A place to share your knowledge.</p>
  </div>
</div>
`;
